C51 COMPILER V9.52.0.0   MAIN                                                              04/29/2015 09:32:58 PAGE 1   


C51 COMPILER V9.52.0.0, COMPILATION OF MODULE MAIN
OBJECT MODULE PLACED IN .\Object\main.obj
COMPILER INVOKED BY: C:\Keil\C51\BIN\C51.EXE main.c BROWSE INCDIR(hal\nrf24le1;hal;compiler\c51;compiler\common) DEBUG O
                    -BJECTEXTEND PRINT(.\Lst\main.lst) TABS(2) OBJECT(.\Object\main.obj)

line level    source

   1          /****************************************Copyright (c)****************************************************
   2          **                                        
   3          **                                 
   4          **
   5          **--------------File Info---------------------------------------------------------------------------------
   6          ** File name:     main.c
   7          ** Last modified Date: 2015-4-16         
   8          ** Last Version:       1.2
   9          ** Descriptions: ADC外部通道采样实验 ：单次模式
  10          ** ADC配置：
  11          **   基准电压：VDD
  12          **   通道：AIN6
  13          **   分辨率：12位
  14          **   采样模式：单次采样
  15          **   采样速度：2ksps
  16          **   数据对齐方式：右对齐
  17          ** 串口波特率：57600  
  18          ** 电压计算公式：V =（3.3）*采样值/4096           
  19          **--------------------------------------------------------------------------------------------------------
  20          ** Created by:      FiYu
  21          ** Created date:    2014-11-12
  22          ** Version:         1.0
  23          ** Descriptions:    
  24          **            
  25          **--------------------------------------------------------------------------------------------------------
  26          ** Modified by:     FiYu
  27          ** Modified date:   
  28          ** Version:       
  29          ** Descriptions:    
  30          **
  31          ** Rechecked by:      
  32          **********************************************************************************************************
             -/
  33          #include <reg24le1.h>
  34          #include <stdint.h>
  35          #include "hal_adc.h"
  36          #include "hal_uart.h"
  37          #include "hal_clk.h"
  38          #include "hal_delay.h"
  39          
  40          
  41          /*-------------------管脚定义--------------------------------------------------*/
  42          #define  D1    P00  // 开发板上的指示灯D1
  43          
  44          
  45          /* 开发板中nRF24LE1管脚配置
  46          P00：输出，驱动D1        P12：输入，按键检测S1  
  47          P01：输出，驱动D2        P13：输入，按键检测S2
  48          P02：输出，OLED时钟      P14：输出，OLED数据
  49          P03：输出，UART TXD      P15：输出，OLED片选
  50          P04：输入，UART RXD      P16：输出，OLED命令/数据选择
  51          P06：输入，AIN6  AD检测  蜂鸣器驱动(通过跳线选择)
  52          */
  53          
C51 COMPILER V9.52.0.0   MAIN                                                              04/29/2015 09:32:58 PAGE 2   

  54          /*******************************************************************************************************
  55           * 描  述 : ADC初始化，用ADC检测AIN6通道电压
  56           * 入  参 : 无
  57           * 返回值 : 无
  58           *******************************************************************************************************/
  59          void AdcInit(void)
  60          {
  61   1        hal_adc_set_input_channel(HAL_INP_AIN6);            // 设置通道为AIN6                  
  62   1        hal_adc_set_reference(HAL_ADC_REF_VDD);             // 设置参考电压为VDD                  
  63   1        hal_adc_set_input_mode(HAL_ADC_SINGLE);             // 单端输入                
  64   1        hal_adc_set_conversion_mode(HAL_ADC_SINGLE_STEP);   // 单次模式 
  65   1        hal_adc_set_sampling_rate(HAL_ADC_2KSPS);           // 采样速度为2ksps
  66   1        hal_adc_set_resolution(HAL_ADC_RES_12BIT);          // 12位ADC                     
  67   1        hal_adc_set_data_just(HAL_ADC_JUST_RIGHT);          // 数据右对齐
  68   1        
  69   1        ADCDATH&=0XF0;  
  70   1        ADCDATL&=0X00;  
  71   1      }
  72          
  73          /*******************************************************************************************************
  74           * 描  述 : 配置 IO P0.0和P0.1为输出，驱动LED
  75           * 入  参 : 无
  76           * 返回值 : 无
  77           *******************************************************************************************************/
  78          void IoInit(void)
  79          {
  80   1        P0DIR &= ~0x01;    //配置P0.0 P0.1为输出
  81   1        P0DIR &= ~0x08;    //P03：输出，UART TXD
  82   1        P0DIR |= 0x10;     //P04：输入，UART RXD
  83   1        D1 = 1;            //设置D4初始状态为熄灭
  84   1      }
  85          
  86          /*******************************************************************************************************
  87           * 描  述 : 串口打印16进制字符
  88           * 入  参 : 输出的字符
  89           * 返回值 : 无
  90           *******************************************************************************************************/
  91          void PutHexString (uint8_t x)
  92          {
  93   1        uint8_t c;
  94   1      
  95   1        c = (x>>4)& 0xf;
  96   1        if (c > 9)
  97   1          hal_uart_putchar('A'+c-10);
  98   1        else
  99   1          hal_uart_putchar('0'+c);
 100   1      
 101   1          c = x & 0xf;
 102   1        if (c > 9)
 103   1          hal_uart_putchar('A'+c-10);
 104   1        else
 105   1         hal_uart_putchar('0'+c);
 106   1      }
 107          /*******************************************************************************************************
 108           * 描  述 : 串口打印字符串
 109           * 入  参 : 字符串地址
 110           * 返回值 : 无
 111           *******************************************************************************************************/
 112          void PutString(char *s)
 113          {
 114   1        while(*s != 0)
 115   1          hal_uart_putchar(*s++);
C51 COMPILER V9.52.0.0   MAIN                                                              04/29/2015 09:32:58 PAGE 3   

 116   1      }
 117          /*******************************************************************************************************
 118           * 描  述 : 主函数
 119           * 入  参 : 无
 120           * 返回值 : 无
 121           *******************************************************************************************************/
 122          void main()
 123          { 
 124   1        IoInit();  //IO初始化
 125   1      
 126   1        hal_uart_init(UART_BAUD_57K6); //初始化UART，波特率57600                        
 127   1      
 128   1        while(hal_clk_get_16m_source() != HAL_CLK_XOSC16M) //等待时钟稳定
 129   1        ;
 130   1        AdcInit(); //ADC初始化
 131   1        EA = 1;    //开启全局中断 
 132   1                                           
 133   1        
 134   1        while(1)
 135   1        {
 136   2          D1 = ~D1;       //D4闪烁指示ADC转换
 137   2          delay_ms(500);
 138   2          
 139   2          hal_adc_start();         // 启动ADC
 140   2          while( hal_adc_busy())   // 等待转换结束
 141   2            ;
 142   2          PutString("ADCC Samping Value(HEX):");      
 143   2          PutHexString(hal_adc_read_MSB());  //串口输出ADC转换值
 144   2          PutHexString(hal_adc_read_LSB());
 145   2          PutString("\n");
 146   2        }
 147   1      } 
 148          /*****************************************End File********************************************************
             -***/
 149          


MODULE INFORMATION:   STATIC OVERLAYABLE
   CODE SIZE        =    210    ----
   CONSTANT SIZE    =     27    ----
   XDATA SIZE       =   ----    ----
   PDATA SIZE       =   ----    ----
   DATA SIZE        =   ----       5
   IDATA SIZE       =   ----    ----
   BIT SIZE         =   ----    ----
END OF MODULE INFORMATION.


C51 COMPILATION COMPLETE.  0 WARNING(S),  0 ERROR(S)
